iomap.crossStage.vert
Shader version: 460
0:? Sequence
0:32  Function Definition: main( ( global void)
0:32    Function Parameters: 
0:34    Sequence
0:34      move second child to first child ( temp 4-component vector of float)
0:34        'o1' ( smooth out 4-component vector of float)
0:34        Constant:
0:34          0.000000
0:34          0.000000
0:34          0.000000
0:34          0.000000
0:35      move second child to first child ( temp 2-component vector of float)
0:35        'o2' ( smooth out 2-component vector of float)
0:35        Constant:
0:35          0.000000
0:35          0.000000
0:36      move second child to first child ( temp 4-component vector of float)
0:36        o3: direct index for structure ( out 4-component vector of float)
0:36          'anon@0' (layout( location=5) out block{ out 4-component vector of float o3})
0:36          Constant:
0:36            0 (const uint)
0:36        Constant:
0:36          0.000000
0:36          0.000000
0:36          0.000000
0:36          0.000000
0:?   Linker Objects
0:?     'o1' ( smooth out 4-component vector of float)
0:?     'o2' ( smooth out 2-component vector of float)
0:?     'anon@0' (layout( location=5) out block{ out 4-component vector of float o3})
0:?     'u1' ( uniform 2-component vector of float)
0:?     'u2' ( uniform 3-component vector of float)
0:?       0.000000
0:?       0.000000
0:?       0.000000
0:?     'u3' ( uniform 4-component vector of float)
0:?       0.000000
0:?       0.000000
0:?       0.000000
0:?       0.000000
0:?     'um2' ( uniform 2X2 matrix of float)
0:?       4.000000
0:?       0.000000
0:?       0.000000
0:?       4.000000
0:?     'glass' (layout( location=0 binding=0) uniform sampler2D)
0:?     'anon@1' (layout( column_major std140) uniform block{layout( column_major std140) uniform 4-component vector of float a, layout( column_major std140) uniform 4-component vector of float b})
0:?     'anon@2' (layout( column_major std430) buffer block{layout( column_major std430) buffer 2-component vector of float vb1})
0:?     'blockName1' (layout( column_major std140) uniform 2-element array of block{layout( column_major std140) uniform 4-component vector of float a, layout( column_major std140) uniform 2-component vector of float b})
0:?     'gl_VertexID' ( gl_VertexId int VertexId)
0:?     'gl_InstanceID' ( gl_InstanceId int InstanceId)

iomap.crossStage.frag
Shader version: 460
0:? Sequence
0:36  Function Definition: main( ( global void)
0:36    Function Parameters: 
0:38    Sequence
0:38      Sequence
0:38        move second child to first child ( temp 4-component vector of float)
0:38          'color' ( temp 4-component vector of float)
0:38          component-wise multiply ( temp 4-component vector of float)
0:38            component-wise multiply ( temp 4-component vector of float)
0:38              component-wise multiply ( temp 4-component vector of float)
0:38                'o1' ( smooth in 4-component vector of float)
0:38                vector swizzle ( temp 4-component vector of float)
0:38                  'u1' ( uniform 2-component vector of float)
0:38                  Sequence
0:38                    Constant:
0:38                      0 (const int)
0:38                    Constant:
0:38                      1 (const int)
0:38                    Constant:
0:38                      0 (const int)
0:38                    Constant:
0:38                      1 (const int)
0:38              vector swizzle ( temp 4-component vector of float)
0:38                'u2' ( uniform 3-component vector of float)
0:38                Sequence
0:38                  Constant:
0:38                    0 (const int)
0:38                  Constant:
0:38                    1 (const int)
0:38                  Constant:
0:38                    2 (const int)
0:38                  Constant:
0:38                    0 (const int)
0:38            vector swizzle ( temp 4-component vector of float)
0:38              'u3' ( uniform 4-component vector of float)
0:38                0.000000
0:38                0.000000
0:38                0.000000
0:38                0.000000
0:38              Sequence
0:38                Constant:
0:38                  0 (const int)
0:38                Constant:
0:38                  1 (const int)
0:38                Constant:
0:38                  2 (const int)
0:38                Constant:
0:38                  3 (const int)
0:39      move second child to first child ( temp 4-component vector of float)
0:39        'outColor' ( out 4-component vector of float)
0:39        'color' ( temp 4-component vector of float)
0:?   Linker Objects
0:?     'anon@0' (layout( location=5) in block{ in 4-component vector of float o3})
0:?     'o2' ( smooth in 2-component vector of float)
0:?     'o1' ( smooth in 4-component vector of float)
0:?     'outColor' ( out 4-component vector of float)
0:?     'u1' ( uniform 2-component vector of float)
0:?     'u2' ( uniform 3-component vector of float)
0:?     'u3' ( uniform 4-component vector of float)
0:?       0.000000
0:?       0.000000
0:?       0.000000
0:?       0.000000
0:?     'um2' ( uniform 2X2 matrix of float)
0:?       4.000000
0:?       0.000000
0:?       0.000000
0:?       4.000000
0:?     'glass' (layout( location=0 binding=0) uniform sampler2D)
0:?     'anon@1' (layout( column_major std140) uniform block{layout( column_major std140) uniform 4-component vector of float a, layout( column_major std140) uniform 4-component vector of float b})
0:?     'anon@2' (layout( column_major std430) buffer block{layout( column_major std430) buffer 2-component vector of float fb1})
0:?     'blockName2' (layout( column_major std140) uniform 2-element array of block{layout( column_major std140) uniform 4-component vector of float a, layout( column_major std140) uniform 2-component vector of float b})


Linked vertex stage:


Linked fragment stage:


Shader version: 460
0:? Sequence
0:32  Function Definition: main( ( global void)
0:32    Function Parameters: 
0:34    Sequence
0:34      move second child to first child ( temp 4-component vector of float)
0:34        'o1' ( smooth out 4-component vector of float)
0:34        Constant:
0:34          0.000000
0:34          0.000000
0:34          0.000000
0:34          0.000000
0:35      move second child to first child ( temp 2-component vector of float)
0:35        'o2' ( smooth out 2-component vector of float)
0:35        Constant:
0:35          0.000000
0:35          0.000000
0:36      move second child to first child ( temp 4-component vector of float)
0:36        o3: direct index for structure ( out 4-component vector of float)
0:36          'anon@0' (layout( location=5) out block{ out 4-component vector of float o3})
0:36          Constant:
0:36            0 (const uint)
0:36        Constant:
0:36          0.000000
0:36          0.000000
0:36          0.000000
0:36          0.000000
0:?   Linker Objects
0:?     'o1' ( smooth out 4-component vector of float)
0:?     'o2' ( smooth out 2-component vector of float)
0:?     'anon@0' (layout( location=5) out block{ out 4-component vector of float o3})
0:?     'u1' ( uniform 2-component vector of float)
0:?     'u2' ( uniform 3-component vector of float)
0:?       0.000000
0:?       0.000000
0:?       0.000000
0:?     'u3' ( uniform 4-component vector of float)
0:?       0.000000
0:?       0.000000
0:?       0.000000
0:?       0.000000
0:?     'um2' ( uniform 2X2 matrix of float)
0:?       4.000000
0:?       0.000000
0:?       0.000000
0:?       4.000000
0:?     'glass' (layout( location=0 binding=0) uniform sampler2D)
0:?     'anon@1' (layout( column_major std140) uniform block{layout( column_major std140) uniform 4-component vector of float a, layout( column_major std140) uniform 4-component vector of float b})
0:?     'anon@2' (layout( column_major std430) buffer block{layout( column_major std430) buffer 2-component vector of float vb1})
0:?     'blockName1' (layout( column_major std140) uniform 2-element array of block{layout( column_major std140) uniform 4-component vector of float a, layout( column_major std140) uniform 2-component vector of float b})
0:?     'gl_VertexID' ( gl_VertexId int VertexId)
0:?     'gl_InstanceID' ( gl_InstanceId int InstanceId)
Shader version: 460
0:? Sequence
0:36  Function Definition: main( ( global void)
0:36    Function Parameters: 
0:38    Sequence
0:38      Sequence
0:38        move second child to first child ( temp 4-component vector of float)
0:38          'color' ( temp 4-component vector of float)
0:38          component-wise multiply ( temp 4-component vector of float)
0:38            component-wise multiply ( temp 4-component vector of float)
0:38              component-wise multiply ( temp 4-component vector of float)
0:38                'o1' ( smooth in 4-component vector of float)
0:38                vector swizzle ( temp 4-component vector of float)
0:38                  'u1' ( uniform 2-component vector of float)
0:38                  Sequence
0:38                    Constant:
0:38                      0 (const int)
0:38                    Constant:
0:38                      1 (const int)
0:38                    Constant:
0:38                      0 (const int)
0:38                    Constant:
0:38                      1 (const int)
0:38              vector swizzle ( temp 4-component vector of float)
0:38                'u2' ( uniform 3-component vector of float)
0:38                Sequence
0:38                  Constant:
0:38                    0 (const int)
0:38                  Constant:
0:38                    1 (const int)
0:38                  Constant:
0:38                    2 (const int)
0:38                  Constant:
0:38                    0 (const int)
0:38            vector swizzle ( temp 4-component vector of float)
0:38              'u3' ( uniform 4-component vector of float)
0:38                0.000000
0:38                0.000000
0:38                0.000000
0:38                0.000000
0:38              Sequence
0:38                Constant:
0:38                  0 (const int)
0:38                Constant:
0:38                  1 (const int)
0:38                Constant:
0:38                  2 (const int)
0:38                Constant:
0:38                  3 (const int)
0:39      move second child to first child ( temp 4-component vector of float)
0:39        'outColor' ( out 4-component vector of float)
0:39        'color' ( temp 4-component vector of float)
0:?   Linker Objects
0:?     'anon@0' (layout( location=5) in block{ in 4-component vector of float o3})
0:?     'o2' ( smooth in 2-component vector of float)
0:?     'o1' ( smooth in 4-component vector of float)
0:?     'outColor' ( out 4-component vector of float)
0:?     'u1' ( uniform 2-component vector of float)
0:?     'u2' ( uniform 3-component vector of float)
0:?     'u3' ( uniform 4-component vector of float)
0:?       0.000000
0:?       0.000000
0:?       0.000000
0:?       0.000000
0:?     'um2' ( uniform 2X2 matrix of float)
0:?       4.000000
0:?       0.000000
0:?       0.000000
0:?       4.000000
0:?     'glass' (layout( location=0 binding=0) uniform sampler2D)
0:?     'anon@1' (layout( column_major std140) uniform block{layout( column_major std140) uniform 4-component vector of float a, layout( column_major std140) uniform 4-component vector of float b})
0:?     'anon@2' (layout( column_major std430) buffer block{layout( column_major std430) buffer 2-component vector of float fb1})
0:?     'blockName2' (layout( column_major std140) uniform 2-element array of block{layout( column_major std140) uniform 4-component vector of float a, layout( column_major std140) uniform 2-component vector of float b})

// Module Version 10000
// Generated by (magic number): 80008
// Id's are bound by 51

                              Capability Shader
               1:             ExtInstImport  "GLSL.std.450"
                              MemoryModel Logical GLSL450
                              EntryPoint Vertex 4  "main" 9 14 18 49 50
                              Source GLSL 460
                              Name 4  "main"
                              Name 9  "o1"
                              Name 14  "o2"
                              Name 16  "outBlock"
                              MemberName 16(outBlock) 0  "o3"
                              Name 18  ""
                              Name 23  "u1"
                              Name 26  "u2"
                              Name 28  "u3"
                              Name 31  "um2"
                              Name 35  "glass"
                              Name 36  "crossStageBlock1"
                              MemberName 36(crossStageBlock1) 0  "a"
                              MemberName 36(crossStageBlock1) 1  "b"
                              Name 38  ""
                              Name 39  "vertOnlyBlock"
                              MemberName 39(vertOnlyBlock) 0  "vb1"
                              Name 41  ""
                              Name 42  "crossStageBlock2"
                              MemberName 42(crossStageBlock2) 0  "a"
                              MemberName 42(crossStageBlock2) 1  "b"
                              Name 47  "blockName1"
                              Name 49  "gl_VertexID"
                              Name 50  "gl_InstanceID"
                              Decorate 9(o1) Location 0
                              Decorate 14(o2) Location 1
                              Decorate 16(outBlock) Block
                              Decorate 18 Location 5
                              Decorate 23(u1) Location 1
                              Decorate 23(u1) DescriptorSet 0
                              Decorate 26(u2) Location 2
                              Decorate 26(u2) DescriptorSet 0
                              Decorate 28(u3) Location 3
                              Decorate 28(u3) DescriptorSet 0
                              Decorate 31(um2) Location 4
                              Decorate 31(um2) DescriptorSet 0
                              Decorate 35(glass) Location 0
                              Decorate 35(glass) DescriptorSet 0
                              Decorate 35(glass) Binding 0
                              MemberDecorate 36(crossStageBlock1) 0 Offset 0
                              MemberDecorate 36(crossStageBlock1) 1 Offset 16
                              Decorate 36(crossStageBlock1) Block
                              Decorate 38 DescriptorSet 0
                              Decorate 38 Binding 0
                              MemberDecorate 39(vertOnlyBlock) 0 Offset 0
                              Decorate 39(vertOnlyBlock) BufferBlock
                              Decorate 41 DescriptorSet 0
                              Decorate 41 Binding 0
                              MemberDecorate 42(crossStageBlock2) 0 Offset 0
                              MemberDecorate 42(crossStageBlock2) 1 Offset 16
                              Decorate 42(crossStageBlock2) Block
                              Decorate 47(blockName1) DescriptorSet 0
                              Decorate 47(blockName1) Binding 0
                              Decorate 49(gl_VertexID) BuiltIn VertexId
                              Decorate 50(gl_InstanceID) BuiltIn InstanceId
               2:             TypeVoid
               3:             TypeFunction 2
               6:             TypeFloat 32
               7:             TypeVector 6(float) 4
               8:             TypePointer Output 7(fvec4)
           9(o1):      8(ptr) Variable Output
              10:    6(float) Constant 0
              11:    7(fvec4) ConstantComposite 10 10 10 10
              12:             TypeVector 6(float) 2
              13:             TypePointer Output 12(fvec2)
          14(o2):     13(ptr) Variable Output
              15:   12(fvec2) ConstantComposite 10 10
    16(outBlock):             TypeStruct 7(fvec4)
              17:             TypePointer Output 16(outBlock)
              18:     17(ptr) Variable Output
              19:             TypeInt 32 1
              20:     19(int) Constant 0
              22:             TypePointer UniformConstant 12(fvec2)
          23(u1):     22(ptr) Variable UniformConstant
              24:             TypeVector 6(float) 3
              25:             TypePointer UniformConstant 24(fvec3)
          26(u2):     25(ptr) Variable UniformConstant
              27:             TypePointer UniformConstant 7(fvec4)
          28(u3):     27(ptr) Variable UniformConstant
              29:             TypeMatrix 12(fvec2) 2
              30:             TypePointer UniformConstant 29
         31(um2):     30(ptr) Variable UniformConstant
              32:             TypeImage 6(float) 2D sampled format:Unknown
              33:             TypeSampledImage 32
              34:             TypePointer UniformConstant 33
       35(glass):     34(ptr) Variable UniformConstant
36(crossStageBlock1):             TypeStruct 7(fvec4) 7(fvec4)
              37:             TypePointer Uniform 36(crossStageBlock1)
              38:     37(ptr) Variable Uniform
39(vertOnlyBlock):             TypeStruct 12(fvec2)
              40:             TypePointer Uniform 39(vertOnlyBlock)
              41:     40(ptr) Variable Uniform
42(crossStageBlock2):             TypeStruct 7(fvec4) 12(fvec2)
              43:             TypeInt 32 0
              44:     43(int) Constant 2
              45:             TypeArray 42(crossStageBlock2) 44
              46:             TypePointer Uniform 45
  47(blockName1):     46(ptr) Variable Uniform
              48:             TypePointer Input 19(int)
 49(gl_VertexID):     48(ptr) Variable Input
50(gl_InstanceID):     48(ptr) Variable Input
         4(main):           2 Function None 3
               5:             Label
                              Store 9(o1) 11
                              Store 14(o2) 15
              21:      8(ptr) AccessChain 18 20
                              Store 21 11
                              Return
                              FunctionEnd
// Module Version 10000
// Generated by (magic number): 80008
// Id's are bound by 56

                              Capability Shader
               1:             ExtInstImport  "GLSL.std.450"
                              MemoryModel Logical GLSL450
                              EntryPoint Fragment 4  "main" 11 30 34 36
                              ExecutionMode 4 OriginLowerLeft
                              Source GLSL 460
                              Name 4  "main"
                              Name 9  "color"
                              Name 11  "o1"
                              Name 15  "u1"
                              Name 21  "u2"
                              Name 26  "u3"
                              Name 30  "outColor"
                              Name 32  "outBlock"
                              MemberName 32(outBlock) 0  "o3"
                              Name 34  ""
                              Name 36  "o2"
                              Name 39  "um2"
                              Name 43  "glass"
                              Name 44  "crossStageBlock1"
                              MemberName 44(crossStageBlock1) 0  "a"
                              MemberName 44(crossStageBlock1) 1  "b"
                              Name 46  ""
                              Name 47  "fragOnlyBlock"
                              MemberName 47(fragOnlyBlock) 0  "fb1"
                              Name 49  ""
                              Name 50  "crossStageBlock2"
                              MemberName 50(crossStageBlock2) 0  "a"
                              MemberName 50(crossStageBlock2) 1  "b"
                              Name 55  "blockName2"
                              Decorate 11(o1) Location 0
                              Decorate 15(u1) Location 1
                              Decorate 15(u1) DescriptorSet 0
                              Decorate 21(u2) Location 2
                              Decorate 21(u2) DescriptorSet 0
                              Decorate 26(u3) Location 3
                              Decorate 26(u3) DescriptorSet 0
                              Decorate 30(outColor) Location 0
                              Decorate 32(outBlock) Block
                              Decorate 34 Location 5
                              Decorate 36(o2) Location 1
                              Decorate 39(um2) Location 4
                              Decorate 39(um2) DescriptorSet 0
                              Decorate 43(glass) Location 0
                              Decorate 43(glass) DescriptorSet 0
                              Decorate 43(glass) Binding 0
                              MemberDecorate 44(crossStageBlock1) 0 Offset 0
                              MemberDecorate 44(crossStageBlock1) 1 Offset 16
                              Decorate 44(crossStageBlock1) Block
                              Decorate 46 DescriptorSet 0
                              Decorate 46 Binding 0
                              MemberDecorate 47(fragOnlyBlock) 0 Offset 0
                              Decorate 47(fragOnlyBlock) BufferBlock
                              Decorate 49 DescriptorSet 0
                              Decorate 49 Binding 0
                              MemberDecorate 50(crossStageBlock2) 0 Offset 0
                              MemberDecorate 50(crossStageBlock2) 1 Offset 16
                              Decorate 50(crossStageBlock2) Block
                              Decorate 55(blockName2) DescriptorSet 0
                              Decorate 55(blockName2) Binding 0
               2:             TypeVoid
               3:             TypeFunction 2
               6:             TypeFloat 32
               7:             TypeVector 6(float) 4
               8:             TypePointer Function 7(fvec4)
              10:             TypePointer Input 7(fvec4)
          11(o1):     10(ptr) Variable Input
              13:             TypeVector 6(float) 2
              14:             TypePointer UniformConstant 13(fvec2)
          15(u1):     14(ptr) Variable UniformConstant
              19:             TypeVector 6(float) 3
              20:             TypePointer UniformConstant 19(fvec3)
          21(u2):     20(ptr) Variable UniformConstant
              25:             TypePointer UniformConstant 7(fvec4)
          26(u3):     25(ptr) Variable UniformConstant
              29:             TypePointer Output 7(fvec4)
    30(outColor):     29(ptr) Variable Output
    32(outBlock):             TypeStruct 7(fvec4)
              33:             TypePointer Input 32(outBlock)
              34:     33(ptr) Variable Input
              35:             TypePointer Input 13(fvec2)
          36(o2):     35(ptr) Variable Input
              37:             TypeMatrix 13(fvec2) 2
              38:             TypePointer UniformConstant 37
         39(um2):     38(ptr) Variable UniformConstant
              40:             TypeImage 6(float) 2D sampled format:Unknown
              41:             TypeSampledImage 40
              42:             TypePointer UniformConstant 41
       43(glass):     42(ptr) Variable UniformConstant
44(crossStageBlock1):             TypeStruct 7(fvec4) 7(fvec4)
              45:             TypePointer Uniform 44(crossStageBlock1)
              46:     45(ptr) Variable Uniform
47(fragOnlyBlock):             TypeStruct 13(fvec2)
              48:             TypePointer Uniform 47(fragOnlyBlock)
              49:     48(ptr) Variable Uniform
50(crossStageBlock2):             TypeStruct 7(fvec4) 13(fvec2)
              51:             TypeInt 32 0
              52:     51(int) Constant 2
              53:             TypeArray 50(crossStageBlock2) 52
              54:             TypePointer Uniform 53
  55(blockName2):     54(ptr) Variable Uniform
         4(main):           2 Function None 3
               5:             Label
        9(color):      8(ptr) Variable Function
              12:    7(fvec4) Load 11(o1)
              16:   13(fvec2) Load 15(u1)
              17:    7(fvec4) VectorShuffle 16 16 0 1 0 1
              18:    7(fvec4) FMul 12 17
              22:   19(fvec3) Load 21(u2)
              23:    7(fvec4) VectorShuffle 22 22 0 1 2 0
              24:    7(fvec4) FMul 18 23
              27:    7(fvec4) Load 26(u3)
              28:    7(fvec4) FMul 24 27
                              Store 9(color) 28
              31:    7(fvec4) Load 9(color)
                              Store 30(outColor) 31
                              Return
                              FunctionEnd
